Server Started
(node:332) Warning: SECURITY WARNING: The SSL modes 'prefer', 'require', and 'verify-ca' are treated as aliases for 'verify-full'.
In the next major version (pg-connection-string v3.0.0 and pg v9.0.0), these modes will adopt standard libpq semantics, which have weaker security guarantees.

To prepare for this change:
- If you want the current behavior, explicitly use 'sslmode=verify-full'
- If you want libpq compatibility now, use 'uselibpqcompat=true&sslmode=require'

See https://www.postgresql.org/docs/current/libpq-ssl.html for libpq SSL mode definitions.
(Use `node --trace-warnings ...` to show where the warning was created)
userId: 47
userId: 47
userId: 38
userId: 38
userId: 38
userId: 47
userId: 47
userId: 47
userId: 47
userId: 47
userId: 47
userId: 47
[OVERTIME DEBUG] {"employeeId":670,"attendanceType":"FLEXIBLE","enableOvertime":false,"requiredWorkMinutes":540,"overtimeAfterMinutes":null,"totalMinutes":944,"overtime":0,"attendanceId":826}
userId: 47
userId: 47
userId: 47
userId: 47
userId: 47
userId: 47
userId: 47
userId: 47
[OVERTIME DEBUG] {"employeeId":670,"attendanceType":"FLEXIBLE","enableOvertime":false,"requiredWorkMinutes":540,"overtimeAfterMinutes":null,"totalMinutes":949,"overtime":0,"attendanceId":826}
userId: 47
userId: 47
userId: 47
userId: 47
userId: 3
userId: 47
userId: 47
userId: 52
userId: 52
userId: 52
userId: 52
permissions [
  'Sidebar Goal',
  'goal.approve',
  'goal.create',
  'Sidebar ProfessionalTax',
  'Sidebar WorkSchedulePolicy',
  'Sidebar Logs ByAuthorized',
  'Sidebar Resignation',
  'Sidebar RewardManage',
  'Sidebar PerformanceReview',
  'Sidebar HolidaySetup',
  'Sidebar WeekendSetup',
  'Sidebar Import',
  'Sidebar Branding',
  'Sidebar Location',
  'Sidebar CompanySettings',
  'Sidebar Settings',
  'Sidebar FieldReports',
  'Sidebar FieldRouteHistory',
  'Sidebar FieldLiveTracking',
  'Sidebar FieldEmployees',
  'Sidebar FieldTrack',
  'Sidebar Attendance Report',
  'Sidebar Report',
  'Sidebar Notice',
  'Sidebar Shift',
  'Sidebar WorkSchedule Policy',
  'Sidebar WorkSchedule Assign',
  'Sidebar Schedule',
  'Sidebar WorkSchedule',
  'Sidebar Leave Increment Logs',
  'Sidebar Leave Increment Policy',
  'Sidebar Leave Increment Processor',
  'Sidebar Leave',
  'update-employee',
  'Sidebar Shifts',
  'Sidebar Weekly Off',
  'Sidebar Holiday Management',
  'Sidebar Off Days',
  'Sidebar Work Schedule Policy',
  'Sidebar Shiftwise Employees',
  'Sidebar Work Schedule Assign',
  'Sidebar Work Schedule Component',
  'Sidebar Work Schedule',
  'Sidebar Leave Logs',
  'Sidebar Leave Policy',
  'Sidebar Leave Processor',
  'Sidebar Leave Increment',
  'Sidebar Leave Types',
  'Sidebar Leave Balance',
  'Sidebar Leave Approval',
  'Sidebar Leave Management',
  'Sidebar Payroll',
  'Sidebar Salary Assign',
  'Salary Component',
  'Sidebar Salary Component',
  'payroll',
  'salary-assign',
  'salary-component',
  'Sidebar Salary',
  'weekly-off',
  'holiday-management',
  'Sidebar ',
  'test ',
  'Sidebar NoticeManage',
  'Sidebar AssignRolePermissions',
  'Sidebar Role',
  'Sidebar Designation',
  'Sidebar Department',
  'Sidebar User',
  'Sidebar Employee',
  'Sidebar Logs By Employee',
  'Sidebar Logs By Authorized',
  'Sidebar Logs By Day',
  'Sidebar Processor',
  'Sidebar Attendance Regularization',
  'Sidebar Attendance Dashboard',
  'Sidebar Attendance',
  'employee.get',
  'employee.delete',
  'employee.update',
  'employee.create'
]
userId: 52
userId: 52
permissions [
  'Sidebar Goal',
  'goal.approve',
  'goal.create',
  'Sidebar ProfessionalTax',
  'Sidebar WorkSchedulePolicy',
  'Sidebar Logs ByAuthorized',
  'Sidebar Resignation',
  'Sidebar RewardManage',
  'Sidebar PerformanceReview',
  'Sidebar HolidaySetup',
  'Sidebar WeekendSetup',
  'Sidebar Import',
  'Sidebar Branding',
  'Sidebar Location',
  'Sidebar CompanySettings',
  'Sidebar Settings',
  'Sidebar FieldReports',
  'Sidebar FieldRouteHistory',
  'Sidebar FieldLiveTracking',
  'Sidebar FieldEmployees',
  'Sidebar FieldTrack',
  'Sidebar Attendance Report',
  'Sidebar Report',
  'Sidebar Notice',
  'Sidebar Shift',
  'Sidebar WorkSchedule Policy',
  'Sidebar WorkSchedule Assign',
  'Sidebar Schedule',
  'Sidebar WorkSchedule',
  'Sidebar Leave Increment Logs',
  'Sidebar Leave Increment Policy',
  'Sidebar Leave Increment Processor',
  'Sidebar Leave',
  'update-employee',
  'Sidebar Shifts',
  'Sidebar Weekly Off',
  'Sidebar Holiday Management',
  'Sidebar Off Days',
  'Sidebar Work Schedule Policy',
  'Sidebar Shiftwise Employees',
  'Sidebar Work Schedule Assign',
  'Sidebar Work Schedule Component',
  'Sidebar Work Schedule',
  'Sidebar Leave Logs',
  'Sidebar Leave Policy',
  'Sidebar Leave Processor',
  'Sidebar Leave Increment',
  'Sidebar Leave Types',
  'Sidebar Leave Balance',
  'Sidebar Leave Approval',
  'Sidebar Leave Management',
  'Sidebar Payroll',
  'Sidebar Salary Assign',
  'Salary Component',
  'Sidebar Salary Component',
  'payroll',
  'salary-assign',
  'salary-component',
  'Sidebar Salary',
  'weekly-off',
  'holiday-management',
  'Sidebar ',
  'test ',
  'Sidebar NoticeManage',
  'Sidebar AssignRolePermissions',
  'Sidebar Role',
  'Sidebar Designation',
  'Sidebar Department',
  'Sidebar User',
  'Sidebar Employee',
  'Sidebar Logs By Employee',
  'Sidebar Logs By Authorized',
  'Sidebar Logs By Day',
  'Sidebar Processor',
  'Sidebar Attendance Regularization',
  'Sidebar Attendance Dashboard',
  'Sidebar Attendance',
  'employee.get',
  'employee.delete',
  'employee.update',
  'employee.create'
]
userId: 52
userId: 52
userId: 52
userId: 52
permissions [
  'Sidebar Goal',
  'goal.approve',
  'goal.create',
  'Sidebar ProfessionalTax',
  'Sidebar WorkSchedulePolicy',
  'Sidebar Logs ByAuthorized',
  'Sidebar Resignation',
  'Sidebar RewardManage',
  'Sidebar PerformanceReview',
  'Sidebar HolidaySetup',
  'Sidebar WeekendSetup',
  'Sidebar Import',
  'Sidebar Branding',
  'Sidebar Location',
  'Sidebar CompanySettings',
  'Sidebar Settings',
  'Sidebar FieldReports',
  'Sidebar FieldRouteHistory',
  'Sidebar FieldLiveTracking',
  'Sidebar FieldEmployees',
  'Sidebar FieldTrack',
  'Sidebar Attendance Report',
  'Sidebar Report',
  'Sidebar Notice',
  'Sidebar Shift',
  'Sidebar WorkSchedule Policy',
  'Sidebar WorkSchedule Assign',
  'Sidebar Schedule',
  'Sidebar WorkSchedule',
  'Sidebar Leave Increment Logs',
  'Sidebar Leave Increment Policy',
  'Sidebar Leave Increment Processor',
  'Sidebar Leave',
  'update-employee',
  'Sidebar Shifts',
  'Sidebar Weekly Off',
  'Sidebar Holiday Management',
  'Sidebar Off Days',
  'Sidebar Work Schedule Policy',
  'Sidebar Shiftwise Employees',
  'Sidebar Work Schedule Assign',
  'Sidebar Work Schedule Component',
  'Sidebar Work Schedule',
  'Sidebar Leave Logs',
  'Sidebar Leave Policy',
  'Sidebar Leave Processor',
  'Sidebar Leave Increment',
  'Sidebar Leave Types',
  'Sidebar Leave Balance',
  'Sidebar Leave Approval',
  'Sidebar Leave Management',
  'Sidebar Payroll',
  'Sidebar Salary Assign',
  'Salary Component',
  'Sidebar Salary Component',
  'payroll',
  'salary-assign',
  'salary-component',
  'Sidebar Salary',
  'weekly-off',
  'holiday-management',
  'Sidebar ',
  'test ',
  'Sidebar NoticeManage',
  'Sidebar AssignRolePermissions',
  'Sidebar Role',
  'Sidebar Designation',
  'Sidebar Department',
  'Sidebar User',
  'Sidebar Employee',
  'Sidebar Logs By Employee',
  'Sidebar Logs By Authorized',
  'Sidebar Logs By Day',
  'Sidebar Processor',
  'Sidebar Attendance Regularization',
  'Sidebar Attendance Dashboard',
  'Sidebar Attendance',
  'employee.get',
  'employee.delete',
  'employee.update',
  'employee.create'
]
userId: 52
userId: 52
userId: 52
userId: 52
userId: 52
userId: 52
userId: 52
userId: 52
userId: 52
userId: 52
userId: 52
userId: 52
userId: 52
userId: 52
userId: 57
userId: 57
userId: 57
userId: 57
userId: 57
userId: 57
userId: 57
userId: 57
userId: 57
userId: 57
userId: 57
userId: 57
userId: 57
userId: 57
userId: 52
userId: 52
userId: 52
userId: 52
permissions [
  'Sidebar Goal',
  'goal.approve',
  'goal.create',
  'Sidebar ProfessionalTax',
  'Sidebar WorkSchedulePolicy',
  'Sidebar Logs ByAuthorized',
  'Sidebar Resignation',
  'Sidebar RewardManage',
  'Sidebar PerformanceReview',
  'Sidebar HolidaySetup',
  'Sidebar WeekendSetup',
  'Sidebar Import',
  'Sidebar Branding',
  'Sidebar Location',
  'Sidebar CompanySettings',
  'Sidebar Settings',
  'Sidebar FieldReports',
  'Sidebar FieldRouteHistory',
  'Sidebar FieldLiveTracking',
  'Sidebar FieldEmployees',
  'Sidebar FieldTrack',
  'Sidebar Attendance Report',
  'Sidebar Report',
  'Sidebar Notice',
  'Sidebar Shift',
  'Sidebar WorkSchedule Policy',
  'Sidebar WorkSchedule Assign',
  'Sidebar Schedule',
  'Sidebar WorkSchedule',
  'Sidebar Leave Increment Logs',
  'Sidebar Leave Increment Policy',
  'Sidebar Leave Increment Processor',
  'Sidebar Leave',
  'update-employee',
  'Sidebar Shifts',
  'Sidebar Weekly Off',
  'Sidebar Holiday Management',
  'Sidebar Off Days',
  'Sidebar Work Schedule Policy',
  'Sidebar Shiftwise Employees',
  'Sidebar Work Schedule Assign',
  'Sidebar Work Schedule Component',
  'Sidebar Work Schedule',
  'Sidebar Leave Logs',
  'Sidebar Leave Policy',
  'Sidebar Leave Processor',
  'Sidebar Leave Increment',
  'Sidebar Leave Types',
  'Sidebar Leave Balance',
  'Sidebar Leave Approval',
  'Sidebar Leave Management',
  'Sidebar Payroll',
  'Sidebar Salary Assign',
  'Salary Component',
  'Sidebar Salary Component',
  'payroll',
  'salary-assign',
  'salary-component',
  'Sidebar Salary',
  'weekly-off',
  'holiday-management',
  'Sidebar ',
  'test ',
  'Sidebar NoticeManage',
  'Sidebar AssignRolePermissions',
  'Sidebar Role',
  'Sidebar Designation',
  'Sidebar Department',
  'Sidebar User',
  'Sidebar Employee',
  'Sidebar Logs By Employee',
  'Sidebar Logs By Authorized',
  'Sidebar Logs By Day',
  'Sidebar Processor',
  'Sidebar Attendance Regularization',
  'Sidebar Attendance Dashboard',
  'Sidebar Attendance',
  'employee.get',
  'employee.delete',
  'employee.update',
  'employee.create'
]
userId: 52
userId: 52
userId: 52
userId: 52
userId: 52
permissions [
  'Sidebar Goal',
  'goal.approve',
  'goal.create',
  'Sidebar ProfessionalTax',
  'Sidebar WorkSchedulePolicy',
  'Sidebar Logs ByAuthorized',
  'Sidebar Resignation',
  'Sidebar RewardManage',
  'Sidebar PerformanceReview',
  'Sidebar HolidaySetup',
  'Sidebar WeekendSetup',
  'Sidebar Import',
  'Sidebar Branding',
  'Sidebar Location',
  'Sidebar CompanySettings',
  'Sidebar Settings',
  'Sidebar FieldReports',
  'Sidebar FieldRouteHistory',
  'Sidebar FieldLiveTracking',
  'Sidebar FieldEmployees',
  'Sidebar FieldTrack',
  'Sidebar Attendance Report',
  'Sidebar Report',
  'Sidebar Notice',
  'Sidebar Shift',
  'Sidebar WorkSchedule Policy',
  'Sidebar WorkSchedule Assign',
  'Sidebar Schedule',
  'Sidebar WorkSchedule',
  'Sidebar Leave Increment Logs',
  'Sidebar Leave Increment Policy',
  'Sidebar Leave Increment Processor',
  'Sidebar Leave',
  'update-employee',
  'Sidebar Shifts',
  'Sidebar Weekly Off',
  'Sidebar Holiday Management',
  'Sidebar Off Days',
  'Sidebar Work Schedule Policy',
  'Sidebar Shiftwise Employees',
  'Sidebar Work Schedule Assign',
  'Sidebar Work Schedule Component',
  'Sidebar Work Schedule',
  'Sidebar Leave Logs',
  'Sidebar Leave Policy',
  'Sidebar Leave Processor',
  'Sidebar Leave Increment',
  'Sidebar Leave Types',
  'Sidebar Leave Balance',
  'Sidebar Leave Approval',
  'Sidebar Leave Management',
  'Sidebar Payroll',
  'Sidebar Salary Assign',
  'Salary Component',
  'Sidebar Salary Component',
  'payroll',
  'salary-assign',
  'salary-component',
  'Sidebar Salary',
  'weekly-off',
  'holiday-management',
  'Sidebar ',
  'test ',
  'Sidebar NoticeManage',
  'Sidebar AssignRolePermissions',
  'Sidebar Role',
  'Sidebar Designation',
  'Sidebar Department',
  'Sidebar User',
  'Sidebar Employee',
  'Sidebar Logs By Employee',
  'Sidebar Logs By Authorized',
  'Sidebar Logs By Day',
  'Sidebar Processor',
  'Sidebar Attendance Regularization',
  'Sidebar Attendance Dashboard',
  'Sidebar Attendance',
  'employee.get',
  'employee.delete',
  'employee.update',
  'employee.create'
]
userId: 52
userId: 52
userId: 52
userId: 52
userId: 52
userId: 52
userId: 52
userId: 52
userId: 52
userId: 52
userId: 52
userId: 52
permissions [
  'Sidebar Goal',
  'goal.approve',
  'goal.create',
  'Sidebar ProfessionalTax',
  'Sidebar WorkSchedulePolicy',
  'Sidebar Logs ByAuthorized',
  'Sidebar Resignation',
  'Sidebar RewardManage',
  'Sidebar PerformanceReview',
  'Sidebar HolidaySetup',
  'Sidebar WeekendSetup',
  'Sidebar Import',
  'Sidebar Branding',
  'Sidebar Location',
  'Sidebar CompanySettings',
  'Sidebar Settings',
  'Sidebar FieldReports',
  'Sidebar FieldRouteHistory',
  'Sidebar FieldLiveTracking',
  'Sidebar FieldEmployees',
  'Sidebar FieldTrack',
  'Sidebar Attendance Report',
  'Sidebar Report',
  'Sidebar Notice',
  'Sidebar Shift',
  'Sidebar WorkSchedule Policy',
  'Sidebar WorkSchedule Assign',
  'Sidebar Schedule',
  'Sidebar WorkSchedule',
  'Sidebar Leave Increment Logs',
  'Sidebar Leave Increment Policy',
  'Sidebar Leave Increment Processor',
  'Sidebar Leave',
  'update-employee',
  'Sidebar Shifts',
  'Sidebar Weekly Off',
  'Sidebar Holiday Management',
  'Sidebar Off Days',
  'Sidebar Work Schedule Policy',
  'Sidebar Shiftwise Employees',
  'Sidebar Work Schedule Assign',
  'Sidebar Work Schedule Component',
  'Sidebar Work Schedule',
  'Sidebar Leave Logs',
  'Sidebar Leave Policy',
  'Sidebar Leave Processor',
  'Sidebar Leave Increment',
  'Sidebar Leave Types',
  'Sidebar Leave Balance',
  'Sidebar Leave Approval',
  'Sidebar Leave Management',
  'Sidebar Payroll',
  'Sidebar Salary Assign',
  'Salary Component',
  'Sidebar Salary Component',
  'payroll',
  'salary-assign',
  'salary-component',
  'Sidebar Salary',
  'weekly-off',
  'holiday-management',
  'Sidebar ',
  'test ',
  'Sidebar NoticeManage',
  'Sidebar AssignRolePermissions',
  'Sidebar Role',
  'Sidebar Designation',
  'Sidebar Department',
  'Sidebar User',
  'Sidebar Employee',
  'Sidebar Logs By Employee',
  'Sidebar Logs By Authorized',
  'Sidebar Logs By Day',
  'Sidebar Processor',
  'Sidebar Attendance Regularization',
  'Sidebar Attendance Dashboard',
  'Sidebar Attendance',
  'employee.get',
  'employee.delete',
  'employee.update',
  'employee.create'
]
userId: 52
permissions [
  'Sidebar Goal',
  'goal.approve',
  'goal.create',
  'Sidebar ProfessionalTax',
  'Sidebar WorkSchedulePolicy',
  'Sidebar Logs ByAuthorized',
  'Sidebar Resignation',
  'Sidebar RewardManage',
  'Sidebar PerformanceReview',
  'Sidebar HolidaySetup',
  'Sidebar WeekendSetup',
  'Sidebar Import',
  'Sidebar Branding',
  'Sidebar Location',
  'Sidebar CompanySettings',
  'Sidebar Settings',
  'Sidebar FieldReports',
  'Sidebar FieldRouteHistory',
  'Sidebar FieldLiveTracking',
  'Sidebar FieldEmployees',
  'Sidebar FieldTrack',
  'Sidebar Attendance Report',
  'Sidebar Report',
  'Sidebar Notice',
  'Sidebar Shift',
  'Sidebar WorkSchedule Policy',
  'Sidebar WorkSchedule Assign',
  'Sidebar Schedule',
  'Sidebar WorkSchedule',
  'Sidebar Leave Increment Logs',
  'Sidebar Leave Increment Policy',
  'Sidebar Leave Increment Processor',
  'Sidebar Leave',
  'update-employee',
  'Sidebar Shifts',
  'Sidebar Weekly Off',
  'Sidebar Holiday Management',
  'Sidebar Off Days',
  'Sidebar Work Schedule Policy',
  'Sidebar Shiftwise Employees',
  'Sidebar Work Schedule Assign',
  'Sidebar Work Schedule Component',
  'Sidebar Work Schedule',
  'Sidebar Leave Logs',
  'Sidebar Leave Policy',
  'Sidebar Leave Processor',
  'Sidebar Leave Increment',
  'Sidebar Leave Types',
  'Sidebar Leave Balance',
  'Sidebar Leave Approval',
  'Sidebar Leave Management',
  'Sidebar Payroll',
  'Sidebar Salary Assign',
  'Salary Component',
  'Sidebar Salary Component',
  'payroll',
  'salary-assign',
  'salary-component',
  'Sidebar Salary',
  'weekly-off',
  'holiday-management',
  'Sidebar ',
  'test ',
  'Sidebar NoticeManage',
  'Sidebar AssignRolePermissions',
  'Sidebar Role',
  'Sidebar Designation',
  'Sidebar Department',
  'Sidebar User',
  'Sidebar Employee',
  'Sidebar Logs By Employee',
  'Sidebar Logs By Authorized',
  'Sidebar Logs By Day',
  'Sidebar Processor',
  'Sidebar Attendance Regularization',
  'Sidebar Attendance Dashboard',
  'Sidebar Attendance',
  'employee.get',
  'employee.delete',
  'employee.update',
  'employee.create'
]
userId: 52
userId: 52
userId: 52
userId: 52
userId: 52
userId: 52
userId: 52
userId: 52
userId: 52
userId: 52
userId: 52
userId: 52
userId: 52
userId: 52
userId: 52
permissions [
  'Sidebar Goal',
  'goal.approve',
  'goal.create',
  'Sidebar ProfessionalTax',
  'Sidebar WorkSchedulePolicy',
  'Sidebar Logs ByAuthorized',
  'Sidebar Resignation',
  'Sidebar RewardManage',
  'Sidebar PerformanceReview',
  'Sidebar HolidaySetup',
  'Sidebar WeekendSetup',
  'Sidebar Import',
  'Sidebar Branding',
  'Sidebar Location',
  'Sidebar CompanySettings',
  'Sidebar Settings',
  'Sidebar FieldReports',
  'Sidebar FieldRouteHistory',
  'Sidebar FieldLiveTracking',
  'Sidebar FieldEmployees',
  'Sidebar FieldTrack',
  'Sidebar Attendance Report',
  'Sidebar Report',
  'Sidebar Notice',
  'Sidebar Shift',
  'Sidebar WorkSchedule Policy',
  'Sidebar WorkSchedule Assign',
  'Sidebar Schedule',
  'Sidebar WorkSchedule',
  'Sidebar Leave Increment Logs',
  'Sidebar Leave Increment Policy',
  'Sidebar Leave Increment Processor',
  'Sidebar Leave',
  'update-employee',
  'Sidebar Shifts',
  'Sidebar Weekly Off',
  'Sidebar Holiday Management',
  'Sidebar Off Days',
  'Sidebar Work Schedule Policy',
  'Sidebar Shiftwise Employees',
  'Sidebar Work Schedule Assign',
  'Sidebar Work Schedule Component',
  'Sidebar Work Schedule',
  'Sidebar Leave Logs',
  'Sidebar Leave Policy',
  'Sidebar Leave Processor',
  'Sidebar Leave Increment',
  'Sidebar Leave Types',
  'Sidebar Leave Balance',
  'Sidebar Leave Approval',
  'Sidebar Leave Management',
  'Sidebar Payroll',
  'Sidebar Salary Assign',
  'Salary Component',
  'Sidebar Salary Component',
  'payroll',
  'salary-assign',
  'salary-component',
  'Sidebar Salary',
  'weekly-off',
  'holiday-management',
  'Sidebar ',
  'test ',
  'Sidebar NoticeManage',
  'Sidebar AssignRolePermissions',
  'Sidebar Role',
  'Sidebar Designation',
  'Sidebar Department',
  'Sidebar User',
  'Sidebar Employee',
  'Sidebar Logs By Employee',
  'Sidebar Logs By Authorized',
  'Sidebar Logs By Day',
  'Sidebar Processor',
  'Sidebar Attendance Regularization',
  'Sidebar Attendance Dashboard',
  'Sidebar Attendance',
  'employee.get',
  'employee.delete',
  'employee.update',
  'employee.create'
]
userId: 52
userId: 52
userId: 52
userId: 52
permissions [
  'Sidebar Goal',
  'goal.approve',
  'goal.create',
  'Sidebar ProfessionalTax',
  'Sidebar WorkSchedulePolicy',
  'Sidebar Logs ByAuthorized',
  'Sidebar Resignation',
  'Sidebar RewardManage',
  'Sidebar PerformanceReview',
  'Sidebar HolidaySetup',
  'Sidebar WeekendSetup',
  'Sidebar Import',
  'Sidebar Branding',
  'Sidebar Location',
  'Sidebar CompanySettings',
  'Sidebar Settings',
  'Sidebar FieldReports',
  'Sidebar FieldRouteHistory',
  'Sidebar FieldLiveTracking',
  'Sidebar FieldEmployees',
  'Sidebar FieldTrack',
  'Sidebar Attendance Report',
  'Sidebar Report',
  'Sidebar Notice',
  'Sidebar Shift',
  'Sidebar WorkSchedule Policy',
  'Sidebar WorkSchedule Assign',
  'Sidebar Schedule',
  'Sidebar WorkSchedule',
  'Sidebar Leave Increment Logs',
  'Sidebar Leave Increment Policy',
  'Sidebar Leave Increment Processor',
  'Sidebar Leave',
  'update-employee',
  'Sidebar Shifts',
  'Sidebar Weekly Off',
  'Sidebar Holiday Management',
  'Sidebar Off Days',
  'Sidebar Work Schedule Policy',
  'Sidebar Shiftwise Employees',
  'Sidebar Work Schedule Assign',
  'Sidebar Work Schedule Component',
  'Sidebar Work Schedule',
  'Sidebar Leave Logs',
  'Sidebar Leave Policy',
  'Sidebar Leave Processor',
  'Sidebar Leave Increment',
  'Sidebar Leave Types',
  'Sidebar Leave Balance',
  'Sidebar Leave Approval',
  'Sidebar Leave Management',
  'Sidebar Payroll',
  'Sidebar Salary Assign',
  'Salary Component',
  'Sidebar Salary Component',
  'payroll',
  'salary-assign',
  'salary-component',
  'Sidebar Salary',
  'weekly-off',
  'holiday-management',
  'Sidebar ',
  'test ',
  'Sidebar NoticeManage',
  'Sidebar AssignRolePermissions',
  'Sidebar Role',
  'Sidebar Designation',
  'Sidebar Department',
  'Sidebar User',
  'Sidebar Employee',
  'Sidebar Logs By Employee',
  'Sidebar Logs By Authorized',
  'Sidebar Logs By Day',
  'Sidebar Processor',
  'Sidebar Attendance Regularization',
  'Sidebar Attendance Dashboard',
  'Sidebar Attendance',
  'employee.get',
  'employee.delete',
  'employee.update',
  'employee.create'
]
userId: 52
permissions [
  'Sidebar Goal',
  'goal.approve',
  'goal.create',
  'Sidebar ProfessionalTax',
  'Sidebar WorkSchedulePolicy',
  'Sidebar Logs ByAuthorized',
  'Sidebar Resignation',
  'Sidebar RewardManage',
  'Sidebar PerformanceReview',
  'Sidebar HolidaySetup',
  'Sidebar WeekendSetup',
  'Sidebar Import',
  'Sidebar Branding',
  'Sidebar Location',
  'Sidebar CompanySettings',
  'Sidebar Settings',
  'Sidebar FieldReports',
  'Sidebar FieldRouteHistory',
  'Sidebar FieldLiveTracking',
  'Sidebar FieldEmployees',
  'Sidebar FieldTrack',
  'Sidebar Attendance Report',
  'Sidebar Report',
  'Sidebar Notice',
  'Sidebar Shift',
  'Sidebar WorkSchedule Policy',
  'Sidebar WorkSchedule Assign',
  'Sidebar Schedule',
  'Sidebar WorkSchedule',
  'Sidebar Leave Increment Logs',
  'Sidebar Leave Increment Policy',
  'Sidebar Leave Increment Processor',
  'Sidebar Leave',
  'update-employee',
  'Sidebar Shifts',
  'Sidebar Weekly Off',
  'Sidebar Holiday Management',
  'Sidebar Off Days',
  'Sidebar Work Schedule Policy',
  'Sidebar Shiftwise Employees',
  'Sidebar Work Schedule Assign',
  'Sidebar Work Schedule Component',
  'Sidebar Work Schedule',
  'Sidebar Leave Logs',
  'Sidebar Leave Policy',
  'Sidebar Leave Processor',
  'Sidebar Leave Increment',
  'Sidebar Leave Types',
  'Sidebar Leave Balance',
  'Sidebar Leave Approval',
  'Sidebar Leave Management',
  'Sidebar Payroll',
  'Sidebar Salary Assign',
  'Salary Component',
  'Sidebar Salary Component',
  'payroll',
  'salary-assign',
  'salary-component',
  'Sidebar Salary',
  'weekly-off',
  'holiday-management',
  'Sidebar ',
  'test ',
  'Sidebar NoticeManage',
  'Sidebar AssignRolePermissions',
  'Sidebar Role',
  'Sidebar Designation',
  'Sidebar Department',
  'Sidebar User',
  'Sidebar Employee',
  'Sidebar Logs By Employee',
  'Sidebar Logs By Authorized',
  'Sidebar Logs By Day',
  'Sidebar Processor',
  'Sidebar Attendance Regularization',
  'Sidebar Attendance Dashboard',
  'Sidebar Attendance',
  'employee.get',
  'employee.delete',
  'employee.update',
  'employee.create'
]
userId: 52
permissions [
  'Sidebar Goal',
  'goal.approve',
  'goal.create',
  'Sidebar ProfessionalTax',
  'Sidebar WorkSchedulePolicy',
  'Sidebar Logs ByAuthorized',
  'Sidebar Resignation',
  'Sidebar RewardManage',
  'Sidebar PerformanceReview',
  'Sidebar HolidaySetup',
  'Sidebar WeekendSetup',
  'Sidebar Import',
  'Sidebar Branding',
  'Sidebar Location',
  'Sidebar CompanySettings',
  'Sidebar Settings',
  'Sidebar FieldReports',
  'Sidebar FieldRouteHistory',
  'Sidebar FieldLiveTracking',
  'Sidebar FieldEmployees',
  'Sidebar FieldTrack',
  'Sidebar Attendance Report',
  'Sidebar Report',
  'Sidebar Notice',
  'Sidebar Shift',
  'Sidebar WorkSchedule Policy',
  'Sidebar WorkSchedule Assign',
  'Sidebar Schedule',
  'Sidebar WorkSchedule',
  'Sidebar Leave Increment Logs',
  'Sidebar Leave Increment Policy',
  'Sidebar Leave Increment Processor',
  'Sidebar Leave',
  'update-employee',
  'Sidebar Shifts',
  'Sidebar Weekly Off',
  'Sidebar Holiday Management',
  'Sidebar Off Days',
  'Sidebar Work Schedule Policy',
  'Sidebar Shiftwise Employees',
  'Sidebar Work Schedule Assign',
  'Sidebar Work Schedule Component',
  'Sidebar Work Schedule',
  'Sidebar Leave Logs',
  'Sidebar Leave Policy',
  'Sidebar Leave Processor',
  'Sidebar Leave Increment',
  'Sidebar Leave Types',
  'Sidebar Leave Balance',
  'Sidebar Leave Approval',
  'Sidebar Leave Management',
  'Sidebar Payroll',
  'Sidebar Salary Assign',
  'Salary Component',
  'Sidebar Salary Component',
  'payroll',
  'salary-assign',
  'salary-component',
  'Sidebar Salary',
  'weekly-off',
  'holiday-management',
  'Sidebar ',
  'test ',
  'Sidebar NoticeManage',
  'Sidebar AssignRolePermissions',
  'Sidebar Role',
  'Sidebar Designation',
  'Sidebar Department',
  'Sidebar User',
  'Sidebar Employee',
  'Sidebar Logs By Employee',
  'Sidebar Logs By Authorized',
  'Sidebar Logs By Day',
  'Sidebar Processor',
  'Sidebar Attendance Regularization',
  'Sidebar Attendance Dashboard',
  'Sidebar Attendance',
  'employee.get',
  'employee.delete',
  'employee.update',
  'employee.create'
]
userId: 52
permissions [
  'Sidebar Goal',
  'goal.approve',
  'goal.create',
  'Sidebar ProfessionalTax',
  'Sidebar WorkSchedulePolicy',
  'Sidebar Logs ByAuthorized',
  'Sidebar Resignation',
  'Sidebar RewardManage',
  'Sidebar PerformanceReview',
  'Sidebar HolidaySetup',
  'Sidebar WeekendSetup',
  'Sidebar Import',
  'Sidebar Branding',
  'Sidebar Location',
  'Sidebar CompanySettings',
  'Sidebar Settings',
  'Sidebar FieldReports',
  'Sidebar FieldRouteHistory',
  'Sidebar FieldLiveTracking',
  'Sidebar FieldEmployees',
  'Sidebar FieldTrack',
  'Sidebar Attendance Report',
  'Sidebar Report',
  'Sidebar Notice',
  'Sidebar Shift',
  'Sidebar WorkSchedule Policy',
  'Sidebar WorkSchedule Assign',
  'Sidebar Schedule',
  'Sidebar WorkSchedule',
  'Sidebar Leave Increment Logs',
  'Sidebar Leave Increment Policy',
  'Sidebar Leave Increment Processor',
  'Sidebar Leave',
  'update-employee',
  'Sidebar Shifts',
  'Sidebar Weekly Off',
  'Sidebar Holiday Management',
  'Sidebar Off Days',
  'Sidebar Work Schedule Policy',
  'Sidebar Shiftwise Employees',
  'Sidebar Work Schedule Assign',
  'Sidebar Work Schedule Component',
  'Sidebar Work Schedule',
  'Sidebar Leave Logs',
  'Sidebar Leave Policy',
  'Sidebar Leave Processor',
  'Sidebar Leave Increment',
  'Sidebar Leave Types',
  'Sidebar Leave Balance',
  'Sidebar Leave Approval',
  'Sidebar Leave Management',
  'Sidebar Payroll',
  'Sidebar Salary Assign',
  'Salary Component',
  'Sidebar Salary Component',
  'payroll',
  'salary-assign',
  'salary-component',
  'Sidebar Salary',
  'weekly-off',
  'holiday-management',
  'Sidebar ',
  'test ',
  'Sidebar NoticeManage',
  'Sidebar AssignRolePermissions',
  'Sidebar Role',
  'Sidebar Designation',
  'Sidebar Department',
  'Sidebar User',
  'Sidebar Employee',
  'Sidebar Logs By Employee',
  'Sidebar Logs By Authorized',
  'Sidebar Logs By Day',
  'Sidebar Processor',
  'Sidebar Attendance Regularization',
  'Sidebar Attendance Dashboard',
  'Sidebar Attendance',
  'employee.get',
  'employee.delete',
  'employee.update',
  'employee.create'
]
userId: 52
userId: 52
permissions [
  'Sidebar Goal',
  'goal.approve',
  'goal.create',
  'Sidebar ProfessionalTax',
  'Sidebar WorkSchedulePolicy',
  'Sidebar Logs ByAuthorized',
  'Sidebar Resignation',
  'Sidebar RewardManage',
  'Sidebar PerformanceReview',
  'Sidebar HolidaySetup',
  'Sidebar WeekendSetup',
  'Sidebar Import',
  'Sidebar Branding',
  'Sidebar Location',
  'Sidebar CompanySettings',
  'Sidebar Settings',
  'Sidebar FieldReports',
  'Sidebar FieldRouteHistory',
  'Sidebar FieldLiveTracking',
  'Sidebar FieldEmployees',
  'Sidebar FieldTrack',
  'Sidebar Attendance Report',
  'Sidebar Report',
  'Sidebar Notice',
  'Sidebar Shift',
  'Sidebar WorkSchedule Policy',
  'Sidebar WorkSchedule Assign',
  'Sidebar Schedule',
  'Sidebar WorkSchedule',
  'Sidebar Leave Increment Logs',
  'Sidebar Leave Increment Policy',
  'Sidebar Leave Increment Processor',
  'Sidebar Leave',
  'update-employee',
  'Sidebar Shifts',
  'Sidebar Weekly Off',
  'Sidebar Holiday Management',
  'Sidebar Off Days',
  'Sidebar Work Schedule Policy',
  'Sidebar Shiftwise Employees',
  'Sidebar Work Schedule Assign',
  'Sidebar Work Schedule Component',
  'Sidebar Work Schedule',
  'Sidebar Leave Logs',
  'Sidebar Leave Policy',
  'Sidebar Leave Processor',
  'Sidebar Leave Increment',
  'Sidebar Leave Types',
  'Sidebar Leave Balance',
  'Sidebar Leave Approval',
  'Sidebar Leave Management',
  'Sidebar Payroll',
  'Sidebar Salary Assign',
  'Salary Component',
  'Sidebar Salary Component',
  'payroll',
  'salary-assign',
  'salary-component',
  'Sidebar Salary',
  'weekly-off',
  'holiday-management',
  'Sidebar ',
  'test ',
  'Sidebar NoticeManage',
  'Sidebar AssignRolePermissions',
  'Sidebar Role',
  'Sidebar Designation',
  'Sidebar Department',
  'Sidebar User',
  'Sidebar Employee',
  'Sidebar Logs By Employee',
  'Sidebar Logs By Authorized',
  'Sidebar Logs By Day',
  'Sidebar Processor',
  'Sidebar Attendance Regularization',
  'Sidebar Attendance Dashboard',
  'Sidebar Attendance',
  'employee.get',
  'employee.delete',
  'employee.update',
  'employee.create'
]
userId: 52
userId: 52
userId: 52
userId: 52
userId: 52
permissions [
  'Sidebar Goal',
  'goal.approve',
  'goal.create',
  'Sidebar ProfessionalTax',
  'Sidebar WorkSchedulePolicy',
  'Sidebar Logs ByAuthorized',
  'Sidebar Resignation',
  'Sidebar RewardManage',
  'Sidebar PerformanceReview',
  'Sidebar HolidaySetup',
  'Sidebar WeekendSetup',
  'Sidebar Import',
  'Sidebar Branding',
  'Sidebar Location',
  'Sidebar CompanySettings',
  'Sidebar Settings',
  'Sidebar FieldReports',
  'Sidebar FieldRouteHistory',
  'Sidebar FieldLiveTracking',
  'Sidebar FieldEmployees',
  'Sidebar FieldTrack',
  'Sidebar Attendance Report',
  'Sidebar Report',
  'Sidebar Notice',
  'Sidebar Shift',
  'Sidebar WorkSchedule Policy',
  'Sidebar WorkSchedule Assign',
  'Sidebar Schedule',
  'Sidebar WorkSchedule',
  'Sidebar Leave Increment Logs',
  'Sidebar Leave Increment Policy',
  'Sidebar Leave Increment Processor',
  'Sidebar Leave',
  'update-employee',
  'Sidebar Shifts',
  'Sidebar Weekly Off',
  'Sidebar Holiday Management',
  'Sidebar Off Days',
  'Sidebar Work Schedule Policy',
  'Sidebar Shiftwise Employees',
  'Sidebar Work Schedule Assign',
  'Sidebar Work Schedule Component',
  'Sidebar Work Schedule',
  'Sidebar Leave Logs',
  'Sidebar Leave Policy',
  'Sidebar Leave Processor',
  'Sidebar Leave Increment',
  'Sidebar Leave Types',
  'Sidebar Leave Balance',
  'Sidebar Leave Approval',
  'Sidebar Leave Management',
  'Sidebar Payroll',
  'Sidebar Salary Assign',
  'Salary Component',
  'Sidebar Salary Component',
  'payroll',
  'salary-assign',
  'salary-component',
  'Sidebar Salary',
  'weekly-off',
  'holiday-management',
  'Sidebar ',
  'test ',
  'Sidebar NoticeManage',
  'Sidebar AssignRolePermissions',
  'Sidebar Role',
  'Sidebar Designation',
  'Sidebar Department',
  'Sidebar User',
  'Sidebar Employee',
  'Sidebar Logs By Employee',
  'Sidebar Logs By Authorized',
  'Sidebar Logs By Day',
  'Sidebar Processor',
  'Sidebar Attendance Regularization',
  'Sidebar Attendance Dashboard',
  'Sidebar Attendance',
  'employee.get',
  'employee.delete',
  'employee.update',
  'employee.create'
]
userId: 52
userId: 52
userId: 52
userId: 52
userId: 52
userId: 52
permissions [
  'Sidebar Goal',
  'goal.approve',
  'goal.create',
  'Sidebar ProfessionalTax',
  'Sidebar WorkSchedulePolicy',
  'Sidebar Logs ByAuthorized',
  'Sidebar Resignation',
  'Sidebar RewardManage',
  'Sidebar PerformanceReview',
  'Sidebar HolidaySetup',
  'Sidebar WeekendSetup',
  'Sidebar Import',
  'Sidebar Branding',
  'Sidebar Location',
  'Sidebar CompanySettings',
  'Sidebar Settings',
  'Sidebar FieldReports',
  'Sidebar FieldRouteHistory',
  'Sidebar FieldLiveTracking',
  'Sidebar FieldEmployees',
  'Sidebar FieldTrack',
  'Sidebar Attendance Report',
  'Sidebar Report',
  'Sidebar Notice',
  'Sidebar Shift',
  'Sidebar WorkSchedule Policy',
  'Sidebar WorkSchedule Assign',
  'Sidebar Schedule',
  'Sidebar WorkSchedule',
  'Sidebar Leave Increment Logs',
  'Sidebar Leave Increment Policy',
  'Sidebar Leave Increment Processor',
  'Sidebar Leave',
  'update-employee',
  'Sidebar Shifts',
  'Sidebar Weekly Off',
  'Sidebar Holiday Management',
  'Sidebar Off Days',
  'Sidebar Work Schedule Policy',
  'Sidebar Shiftwise Employees',
  'Sidebar Work Schedule Assign',
  'Sidebar Work Schedule Component',
  'Sidebar Work Schedule',
  'Sidebar Leave Logs',
  'Sidebar Leave Policy',
  'Sidebar Leave Processor',
  'Sidebar Leave Increment',
  'Sidebar Leave Types',
  'Sidebar Leave Balance',
  'Sidebar Leave Approval',
  'Sidebar Leave Management',
  'Sidebar Payroll',
  'Sidebar Salary Assign',
  'Salary Component',
  'Sidebar Salary Component',
  'payroll',
  'salary-assign',
  'salary-component',
  'Sidebar Salary',
  'weekly-off',
  'holiday-management',
  'Sidebar ',
  'test ',
  'Sidebar NoticeManage',
  'Sidebar AssignRolePermissions',
  'Sidebar Role',
  'Sidebar Designation',
  'Sidebar Department',
  'Sidebar User',
  'Sidebar Employee',
  'Sidebar Logs By Employee',
  'Sidebar Logs By Authorized',
  'Sidebar Logs By Day',
  'Sidebar Processor',
  'Sidebar Attendance Regularization',
  'Sidebar Attendance Dashboard',
  'Sidebar Attendance',
  'employee.get',
  'employee.delete',
  'employee.update',
  'employee.create'
]
userId: 52
userId: 52
permissions [
  'Sidebar Goal',
  'goal.approve',
  'goal.create',
  'Sidebar ProfessionalTax',
  'Sidebar WorkSchedulePolicy',
  'Sidebar Logs ByAuthorized',
  'Sidebar Resignation',
  'Sidebar RewardManage',
  'Sidebar PerformanceReview',
  'Sidebar HolidaySetup',
  'Sidebar WeekendSetup',
  'Sidebar Import',
  'Sidebar Branding',
  'Sidebar Location',
  'Sidebar CompanySettings',
  'Sidebar Settings',
  'Sidebar FieldReports',
  'Sidebar FieldRouteHistory',
  'Sidebar FieldLiveTracking',
  'Sidebar FieldEmployees',
  'Sidebar FieldTrack',
  'Sidebar Attendance Report',
  'Sidebar Report',
  'Sidebar Notice',
  'Sidebar Shift',
  'Sidebar WorkSchedule Policy',
  'Sidebar WorkSchedule Assign',
  'Sidebar Schedule',
  'Sidebar WorkSchedule',
  'Sidebar Leave Increment Logs',
  'Sidebar Leave Increment Policy',
  'Sidebar Leave Increment Processor',
  'Sidebar Leave',
  'update-employee',
  'Sidebar Shifts',
  'Sidebar Weekly Off',
  'Sidebar Holiday Management',
  'Sidebar Off Days',
  'Sidebar Work Schedule Policy',
  'Sidebar Shiftwise Employees',
  'Sidebar Work Schedule Assign',
  'Sidebar Work Schedule Component',
  'Sidebar Work Schedule',
  'Sidebar Leave Logs',
  'Sidebar Leave Policy',
  'Sidebar Leave Processor',
  'Sidebar Leave Increment',
  'Sidebar Leave Types',
  'Sidebar Leave Balance',
  'Sidebar Leave Approval',
  'Sidebar Leave Management',
  'Sidebar Payroll',
  'Sidebar Salary Assign',
  'Salary Component',
  'Sidebar Salary Component',
  'payroll',
  'salary-assign',
  'salary-component',
  'Sidebar Salary',
  'weekly-off',
  'holiday-management',
  'Sidebar ',
  'test ',
  'Sidebar NoticeManage',
  'Sidebar AssignRolePermissions',
  'Sidebar Role',
  'Sidebar Designation',
  'Sidebar Department',
  'Sidebar User',
  'Sidebar Employee',
  'Sidebar Logs By Employee',
  'Sidebar Logs By Authorized',
  'Sidebar Logs By Day',
  'Sidebar Processor',
  'Sidebar Attendance Regularization',
  'Sidebar Attendance Dashboard',
  'Sidebar Attendance',
  'employee.get',
  'employee.delete',
  'employee.update',
  'employee.create'
]
userId: 52
userId: 52
userId: 52
userId: 52
userId: 52
userId: 52
userId: 52
permissions [
  'Sidebar Goal',
  'goal.approve',
  'goal.create',
  'Sidebar ProfessionalTax',
  'Sidebar WorkSchedulePolicy',
  'Sidebar Logs ByAuthorized',
  'Sidebar Resignation',
  'Sidebar RewardManage',
  'Sidebar PerformanceReview',
  'Sidebar HolidaySetup',
  'Sidebar WeekendSetup',
  'Sidebar Import',
  'Sidebar Branding',
  'Sidebar Location',
  'Sidebar CompanySettings',
  'Sidebar Settings',
  'Sidebar FieldReports',
  'Sidebar FieldRouteHistory',
  'Sidebar FieldLiveTracking',
  'Sidebar FieldEmployees',
  'Sidebar FieldTrack',
  'Sidebar Attendance Report',
  'Sidebar Report',
  'Sidebar Notice',
  'Sidebar Shift',
  'Sidebar WorkSchedule Policy',
  'Sidebar WorkSchedule Assign',
  'Sidebar Schedule',
  'Sidebar WorkSchedule',
  'Sidebar Leave Increment Logs',
  'Sidebar Leave Increment Policy',
  'Sidebar Leave Increment Processor',
  'Sidebar Leave',
  'update-employee',
  'Sidebar Shifts',
  'Sidebar Weekly Off',
  'Sidebar Holiday Management',
  'Sidebar Off Days',
  'Sidebar Work Schedule Policy',
  'Sidebar Shiftwise Employees',
  'Sidebar Work Schedule Assign',
  'Sidebar Work Schedule Component',
  'Sidebar Work Schedule',
  'Sidebar Leave Logs',
  'Sidebar Leave Policy',
  'Sidebar Leave Processor',
  'Sidebar Leave Increment',
  'Sidebar Leave Types',
  'Sidebar Leave Balance',
  'Sidebar Leave Approval',
  'Sidebar Leave Management',
  'Sidebar Payroll',
  'Sidebar Salary Assign',
  'Salary Component',
  'Sidebar Salary Component',
  'payroll',
  'salary-assign',
  'salary-component',
  'Sidebar Salary',
  'weekly-off',
  'holiday-management',
  'Sidebar ',
  'test ',
  'Sidebar NoticeManage',
  'Sidebar AssignRolePermissions',
  'Sidebar Role',
  'Sidebar Designation',
  'Sidebar Department',
  'Sidebar User',
  'Sidebar Employee',
  'Sidebar Logs By Employee',
  'Sidebar Logs By Authorized',
  'Sidebar Logs By Day',
  'Sidebar Processor',
  'Sidebar Attendance Regularization',
  'Sidebar Attendance Dashboard',
  'Sidebar Attendance',
  'employee.get',
  'employee.delete',
  'employee.update',
  'employee.create'
]
userId: 52
userId: 52
userId: 52
permissions [
  'Sidebar Goal',
  'goal.approve',
  'goal.create',
  'Sidebar ProfessionalTax',
  'Sidebar WorkSchedulePolicy',
  'Sidebar Logs ByAuthorized',
  'Sidebar Resignation',
  'Sidebar RewardManage',
  'Sidebar PerformanceReview',
  'Sidebar HolidaySetup',
  'Sidebar WeekendSetup',
  'Sidebar Import',
  'Sidebar Branding',
  'Sidebar Location',
  'Sidebar CompanySettings',
  'Sidebar Settings',
  'Sidebar FieldReports',
  'Sidebar FieldRouteHistory',
  'Sidebar FieldLiveTracking',
  'Sidebar FieldEmployees',
  'Sidebar FieldTrack',
  'Sidebar Attendance Report',
  'Sidebar Report',
  'Sidebar Notice',
  'Sidebar Shift',
  'Sidebar WorkSchedule Policy',
  'Sidebar WorkSchedule Assign',
  'Sidebar Schedule',
  'Sidebar WorkSchedule',
  'Sidebar Leave Increment Logs',
  'Sidebar Leave Increment Policy',
  'Sidebar Leave Increment Processor',
  'Sidebar Leave',
  'update-employee',
  'Sidebar Shifts',
  'Sidebar Weekly Off',
  'Sidebar Holiday Management',
  'Sidebar Off Days',
  'Sidebar Work Schedule Policy',
  'Sidebar Shiftwise Employees',
  'Sidebar Work Schedule Assign',
  'Sidebar Work Schedule Component',
  'Sidebar Work Schedule',
  'Sidebar Leave Logs',
  'Sidebar Leave Policy',
  'Sidebar Leave Processor',
  'Sidebar Leave Increment',
  'Sidebar Leave Types',
  'Sidebar Leave Balance',
  'Sidebar Leave Approval',
  'Sidebar Leave Management',
  'Sidebar Payroll',
  'Sidebar Salary Assign',
  'Salary Component',
  'Sidebar Salary Component',
  'payroll',
  'salary-assign',
  'salary-component',
  'Sidebar Salary',
  'weekly-off',
  'holiday-management',
  'Sidebar ',
  'test ',
  'Sidebar NoticeManage',
  'Sidebar AssignRolePermissions',
  'Sidebar Role',
  'Sidebar Designation',
  'Sidebar Department',
  'Sidebar User',
  'Sidebar Employee',
  'Sidebar Logs By Employee',
  'Sidebar Logs By Authorized',
  'Sidebar Logs By Day',
  'Sidebar Processor',
  'Sidebar Attendance Regularization',
  'Sidebar Attendance Dashboard',
  'Sidebar Attendance',
  'employee.get',
  'employee.delete',
  'employee.update',
  'employee.create'
]
userId: 52
permissions [
  'Sidebar Goal',
  'goal.approve',
  'goal.create',
  'Sidebar ProfessionalTax',
  'Sidebar WorkSchedulePolicy',
  'Sidebar Logs ByAuthorized',
  'Sidebar Resignation',
  'Sidebar RewardManage',
  'Sidebar PerformanceReview',
  'Sidebar HolidaySetup',
  'Sidebar WeekendSetup',
  'Sidebar Import',
  'Sidebar Branding',
  'Sidebar Location',
  'Sidebar CompanySettings',
  'Sidebar Settings',
  'Sidebar FieldReports',
  'Sidebar FieldRouteHistory',
  'Sidebar FieldLiveTracking',
  'Sidebar FieldEmployees',
  'Sidebar FieldTrack',
  'Sidebar Attendance Report',
  'Sidebar Report',
  'Sidebar Notice',
  'Sidebar Shift',
  'Sidebar WorkSchedule Policy',
  'Sidebar WorkSchedule Assign',
  'Sidebar Schedule',
  'Sidebar WorkSchedule',
  'Sidebar Leave Increment Logs',
  'Sidebar Leave Increment Policy',
  'Sidebar Leave Increment Processor',
  'Sidebar Leave',
  'update-employee',
  'Sidebar Shifts',
  'Sidebar Weekly Off',
  'Sidebar Holiday Management',
  'Sidebar Off Days',
  'Sidebar Work Schedule Policy',
  'Sidebar Shiftwise Employees',
  'Sidebar Work Schedule Assign',
  'Sidebar Work Schedule Component',
  'Sidebar Work Schedule',
  'Sidebar Leave Logs',
  'Sidebar Leave Policy',
  'Sidebar Leave Processor',
  'Sidebar Leave Increment',
  'Sidebar Leave Types',
  'Sidebar Leave Balance',
  'Sidebar Leave Approval',
  'Sidebar Leave Management',
  'Sidebar Payroll',
  'Sidebar Salary Assign',
  'Salary Component',
  'Sidebar Salary Component',
  'payroll',
  'salary-assign',
  'salary-component',
  'Sidebar Salary',
  'weekly-off',
  'holiday-management',
  'Sidebar ',
  'test ',
  'Sidebar NoticeManage',
  'Sidebar AssignRolePermissions',
  'Sidebar Role',
  'Sidebar Designation',
  'Sidebar Department',
  'Sidebar User',
  'Sidebar Employee',
  'Sidebar Logs By Employee',
  'Sidebar Logs By Authorized',
  'Sidebar Logs By Day',
  'Sidebar Processor',
  'Sidebar Attendance Regularization',
  'Sidebar Attendance Dashboard',
  'Sidebar Attendance',
  'employee.get',
  'employee.delete',
  'employee.update',
  'employee.create'
]
userId: 52
userId: 52
permissions [
  'Sidebar Goal',
  'goal.approve',
  'goal.create',
  'Sidebar ProfessionalTax',
  'Sidebar WorkSchedulePolicy',
  'Sidebar Logs ByAuthorized',
  'Sidebar Resignation',
  'Sidebar RewardManage',
  'Sidebar PerformanceReview',
  'Sidebar HolidaySetup',
  'Sidebar WeekendSetup',
  'Sidebar Import',
  'Sidebar Branding',
  'Sidebar Location',
  'Sidebar CompanySettings',
  'Sidebar Settings',
  'Sidebar FieldReports',
  'Sidebar FieldRouteHistory',
  'Sidebar FieldLiveTracking',
  'Sidebar FieldEmployees',
  'Sidebar FieldTrack',
  'Sidebar Attendance Report',
  'Sidebar Report',
  'Sidebar Notice',
  'Sidebar Shift',
  'Sidebar WorkSchedule Policy',
  'Sidebar WorkSchedule Assign',
  'Sidebar Schedule',
  'Sidebar WorkSchedule',
  'Sidebar Leave Increment Logs',
  'Sidebar Leave Increment Policy',
  'Sidebar Leave Increment Processor',
  'Sidebar Leave',
  'update-employee',
  'Sidebar Shifts',
  'Sidebar Weekly Off',
  'Sidebar Holiday Management',
  'Sidebar Off Days',
  'Sidebar Work Schedule Policy',
  'Sidebar Shiftwise Employees',
  'Sidebar Work Schedule Assign',
  'Sidebar Work Schedule Component',
  'Sidebar Work Schedule',
  'Sidebar Leave Logs',
  'Sidebar Leave Policy',
  'Sidebar Leave Processor',
  'Sidebar Leave Increment',
  'Sidebar Leave Types',
  'Sidebar Leave Balance',
  'Sidebar Leave Approval',
  'Sidebar Leave Management',
  'Sidebar Payroll',
  'Sidebar Salary Assign',
  'Salary Component',
  'Sidebar Salary Component',
  'payroll',
  'salary-assign',
  'salary-component',
  'Sidebar Salary',
  'weekly-off',
  'holiday-management',
  'Sidebar ',
  'test ',
  'Sidebar NoticeManage',
  'Sidebar AssignRolePermissions',
  'Sidebar Role',
  'Sidebar Designation',
  'Sidebar Department',
  'Sidebar User',
  'Sidebar Employee',
  'Sidebar Logs By Employee',
  'Sidebar Logs By Authorized',
  'Sidebar Logs By Day',
  'Sidebar Processor',
  'Sidebar Attendance Regularization',
  'Sidebar Attendance Dashboard',
  'Sidebar Attendance',
  'employee.get',
  'employee.delete',
  'employee.update',
  'employee.create'
]
userId: 52
userId: 52
permissions [
  'Sidebar Goal',
  'goal.approve',
  'goal.create',
  'Sidebar ProfessionalTax',
  'Sidebar WorkSchedulePolicy',
  'Sidebar Logs ByAuthorized',
  'Sidebar Resignation',
  'Sidebar RewardManage',
  'Sidebar PerformanceReview',
  'Sidebar HolidaySetup',
  'Sidebar WeekendSetup',
  'Sidebar Import',
  'Sidebar Branding',
  'Sidebar Location',
  'Sidebar CompanySettings',
  'Sidebar Settings',
  'Sidebar FieldReports',
  'Sidebar FieldRouteHistory',
  'Sidebar FieldLiveTracking',
  'Sidebar FieldEmployees',
  'Sidebar FieldTrack',
  'Sidebar Attendance Report',
  'Sidebar Report',
  'Sidebar Notice',
  'Sidebar Shift',
  'Sidebar WorkSchedule Policy',
  'Sidebar WorkSchedule Assign',
  'Sidebar Schedule',
  'Sidebar WorkSchedule',
  'Sidebar Leave Increment Logs',
  'Sidebar Leave Increment Policy',
  'Sidebar Leave Increment Processor',
  'Sidebar Leave',
  'update-employee',
  'Sidebar Shifts',
  'Sidebar Weekly Off',
  'Sidebar Holiday Management',
  'Sidebar Off Days',
  'Sidebar Work Schedule Policy',
  'Sidebar Shiftwise Employees',
  'Sidebar Work Schedule Assign',
  'Sidebar Work Schedule Component',
  'Sidebar Work Schedule',
  'Sidebar Leave Logs',
  'Sidebar Leave Policy',
  'Sidebar Leave Processor',
  'Sidebar Leave Increment',
  'Sidebar Leave Types',
  'Sidebar Leave Balance',
  'Sidebar Leave Approval',
  'Sidebar Leave Management',
  'Sidebar Payroll',
  'Sidebar Salary Assign',
  'Salary Component',
  'Sidebar Salary Component',
  'payroll',
  'salary-assign',
  'salary-component',
  'Sidebar Salary',
  'weekly-off',
  'holiday-management',
  'Sidebar ',
  'test ',
  'Sidebar NoticeManage',
  'Sidebar AssignRolePermissions',
  'Sidebar Role',
  'Sidebar Designation',
  'Sidebar Department',
  'Sidebar User',
  'Sidebar Employee',
  'Sidebar Logs By Employee',
  'Sidebar Logs By Authorized',
  'Sidebar Logs By Day',
  'Sidebar Processor',
  'Sidebar Attendance Regularization',
  'Sidebar Attendance Dashboard',
  'Sidebar Attendance',
  'employee.get',
  'employee.delete',
  'employee.update',
  'employee.create'
]
userId: 52
userId: 52
userId: 52
userId: 52
userId: 52
userId: 52
userId: 52
userId: 52
userId: 52
userId: 52
userId: 52
userId: 52
userId: 52
userId: 52
userId: 52
userId: 52
userId: 52
userId: 52
userId: 52
userId: 52
userId: 52
userId: 52
userId: 52
userId: 52
userId: 52
userId: 52
userId: 52
userId: 52
userId: 52
userId: 52
userId: 52
userId: 52
userId: 52
userId: 52
userId: 52
userId: 52
userId: 52
userId: 52
userId: 52
permissions [
  'Sidebar Goal',
  'goal.approve',
  'goal.create',
  'Sidebar ProfessionalTax',
  'Sidebar WorkSchedulePolicy',
  'Sidebar Logs ByAuthorized',
  'Sidebar Resignation',
  'Sidebar RewardManage',
  'Sidebar PerformanceReview',
  'Sidebar HolidaySetup',
  'Sidebar WeekendSetup',
  'Sidebar Import',
  'Sidebar Branding',
  'Sidebar Location',
  'Sidebar CompanySettings',
  'Sidebar Settings',
  'Sidebar FieldReports',
  'Sidebar FieldRouteHistory',
  'Sidebar FieldLiveTracking',
  'Sidebar FieldEmployees',
  'Sidebar FieldTrack',
  'Sidebar Attendance Report',
  'Sidebar Report',
  'Sidebar Notice',
  'Sidebar Shift',
  'Sidebar WorkSchedule Policy',
  'Sidebar WorkSchedule Assign',
  'Sidebar Schedule',
  'Sidebar WorkSchedule',
  'Sidebar Leave Increment Logs',
  'Sidebar Leave Increment Policy',
  'Sidebar Leave Increment Processor',
  'Sidebar Leave',
  'update-employee',
  'Sidebar Shifts',
  'Sidebar Weekly Off',
  'Sidebar Holiday Management',
  'Sidebar Off Days',
  'Sidebar Work Schedule Policy',
  'Sidebar Shiftwise Employees',
  'Sidebar Work Schedule Assign',
  'Sidebar Work Schedule Component',
  'Sidebar Work Schedule',
  'Sidebar Leave Logs',
  'Sidebar Leave Policy',
  'Sidebar Leave Processor',
  'Sidebar Leave Increment',
  'Sidebar Leave Types',
  'Sidebar Leave Balance',
  'Sidebar Leave Approval',
  'Sidebar Leave Management',
  'Sidebar Payroll',
  'Sidebar Salary Assign',
  'Salary Component',
  'Sidebar Salary Component',
  'payroll',
  'salary-assign',
  'salary-component',
  'Sidebar Salary',
  'weekly-off',
  'holiday-management',
  'Sidebar ',
  'test ',
  'Sidebar NoticeManage',
  'Sidebar AssignRolePermissions',
  'Sidebar Role',
  'Sidebar Designation',
  'Sidebar Department',
  'Sidebar User',
  'Sidebar Employee',
  'Sidebar Logs By Employee',
  'Sidebar Logs By Authorized',
  'Sidebar Logs By Day',
  'Sidebar Processor',
  'Sidebar Attendance Regularization',
  'Sidebar Attendance Dashboard',
  'Sidebar Attendance',
  'employee.get',
  'employee.delete',
  'employee.update',
  'employee.create'
]
userId: 52
userId: 52
userId: 52
userId: 52
userId: 52
permissions [
  'Sidebar Goal',
  'goal.approve',
  'goal.create',
  'Sidebar ProfessionalTax',
  'Sidebar WorkSchedulePolicy',
  'Sidebar Logs ByAuthorized',
  'Sidebar Resignation',
  'Sidebar RewardManage',
  'Sidebar PerformanceReview',
  'Sidebar HolidaySetup',
  'Sidebar WeekendSetup',
  'Sidebar Import',
  'Sidebar Branding',
  'Sidebar Location',
  'Sidebar CompanySettings',
  'Sidebar Settings',
  'Sidebar FieldReports',
  'Sidebar FieldRouteHistory',
  'Sidebar FieldLiveTracking',
  'Sidebar FieldEmployees',
  'Sidebar FieldTrack',
  'Sidebar Attendance Report',
  'Sidebar Report',
  'Sidebar Notice',
  'Sidebar Shift',
  'Sidebar WorkSchedule Policy',
  'Sidebar WorkSchedule Assign',
  'Sidebar Schedule',
  'Sidebar WorkSchedule',
  'Sidebar Leave Increment Logs',
  'Sidebar Leave Increment Policy',
  'Sidebar Leave Increment Processor',
  'Sidebar Leave',
  'update-employee',
  'Sidebar Shifts',
  'Sidebar Weekly Off',
  'Sidebar Holiday Management',
  'Sidebar Off Days',
  'Sidebar Work Schedule Policy',
  'Sidebar Shiftwise Employees',
  'Sidebar Work Schedule Assign',
  'Sidebar Work Schedule Component',
  'Sidebar Work Schedule',
  'Sidebar Leave Logs',
  'Sidebar Leave Policy',
  'Sidebar Leave Processor',
  'Sidebar Leave Increment',
  'Sidebar Leave Types',
  'Sidebar Leave Balance',
  'Sidebar Leave Approval',
  'Sidebar Leave Management',
  'Sidebar Payroll',
  'Sidebar Salary Assign',
  'Salary Component',
  'Sidebar Salary Component',
  'payroll',
  'salary-assign',
  'salary-component',
  'Sidebar Salary',
  'weekly-off',
  'holiday-management',
  'Sidebar ',
  'test ',
  'Sidebar NoticeManage',
  'Sidebar AssignRolePermissions',
  'Sidebar Role',
  'Sidebar Designation',
  'Sidebar Department',
  'Sidebar User',
  'Sidebar Employee',
  'Sidebar Logs By Employee',
  'Sidebar Logs By Authorized',
  'Sidebar Logs By Day',
  'Sidebar Processor',
  'Sidebar Attendance Regularization',
  'Sidebar Attendance Dashboard',
  'Sidebar Attendance',
  'employee.get',
  'employee.delete',
  'employee.update',
  'employee.create'
]
userId: 52
userId: 52
userId: 52
userId: 52
permissions [
  'Sidebar Goal',
  'goal.approve',
  'goal.create',
  'Sidebar ProfessionalTax',
  'Sidebar WorkSchedulePolicy',
  'Sidebar Logs ByAuthorized',
  'Sidebar Resignation',
  'Sidebar RewardManage',
  'Sidebar PerformanceReview',
  'Sidebar HolidaySetup',
  'Sidebar WeekendSetup',
  'Sidebar Import',
  'Sidebar Branding',
  'Sidebar Location',
  'Sidebar CompanySettings',
  'Sidebar Settings',
  'Sidebar FieldReports',
  'Sidebar FieldRouteHistory',
  'Sidebar FieldLiveTracking',
  'Sidebar FieldEmployees',
  'Sidebar FieldTrack',
  'Sidebar Attendance Report',
  'Sidebar Report',
  'Sidebar Notice',
  'Sidebar Shift',
  'Sidebar WorkSchedule Policy',
  'Sidebar WorkSchedule Assign',
  'Sidebar Schedule',
  'Sidebar WorkSchedule',
  'Sidebar Leave Increment Logs',
  'Sidebar Leave Increment Policy',
  'Sidebar Leave Increment Processor',
  'Sidebar Leave',
  'update-employee',
  'Sidebar Shifts',
  'Sidebar Weekly Off',
  'Sidebar Holiday Management',
  'Sidebar Off Days',
  'Sidebar Work Schedule Policy',
  'Sidebar Shiftwise Employees',
  'Sidebar Work Schedule Assign',
  'Sidebar Work Schedule Component',
  'Sidebar Work Schedule',
  'Sidebar Leave Logs',
  'Sidebar Leave Policy',
  'Sidebar Leave Processor',
  'Sidebar Leave Increment',
  'Sidebar Leave Types',
  'Sidebar Leave Balance',
  'Sidebar Leave Approval',
  'Sidebar Leave Management',
  'Sidebar Payroll',
  'Sidebar Salary Assign',
  'Salary Component',
  'Sidebar Salary Component',
  'payroll',
  'salary-assign',
  'salary-component',
  'Sidebar Salary',
  'weekly-off',
  'holiday-management',
  'Sidebar ',
  'test ',
  'Sidebar NoticeManage',
  'Sidebar AssignRolePermissions',
  'Sidebar Role',
  'Sidebar Designation',
  'Sidebar Department',
  'Sidebar User',
  'Sidebar Employee',
  'Sidebar Logs By Employee',
  'Sidebar Logs By Authorized',
  'Sidebar Logs By Day',
  'Sidebar Processor',
  'Sidebar Attendance Regularization',
  'Sidebar Attendance Dashboard',
  'Sidebar Attendance',
  'employee.get',
  'employee.delete',
  'employee.update',
  'employee.create'
]
userId: 52
userId: 52
userId: 52
userId: 52
userId: 52
userId: 52
